ELF Header:
  Magic:   7f 45 4c 46 01 01 01 00 00 00 00 00 00 00 00 00 
  Class:                             ELF32
  Data:                              2's complement, little endian
  Version:                           1 (current)
  OS/ABI:                            UNIX - System V
  ABI Version:                       0
  Type:                              EXEC (Executable file)
  Machine:                           CSKY
  Version:                           0x1
  Entry point address:               0x10c
  Start of program headers:          52 (bytes into file)
  Start of section headers:          270952 (bytes into file)
  Flags:                             0x21000000
  Size of this header:               52 (bytes)
  Size of program headers:           32 (bytes)
  Number of program headers:         2
  Size of section headers:           40 (bytes)
  Number of section headers:         129
  Section header string table index: 126

Section Headers:
  [Nr] Name              Type            Addr     Off    Size   ES Flg Lk Inf Al
  [ 0]                   NULL            00000000 000000 000000 00      0   0  0
  [ 1] .text             PROGBITS        00000000 001000 001c68 00  AX  0   0 1024
  [ 2] .text.__main      PROGBITS        00001c68 002c68 000038 00  AX  0   0  4
  [ 3] .text.SYSCON_Gene PROGBITS        00001ca0 002ca0 000074 00  AX  0   0  4
  [ 4] .text.SYSCON_RST_ PROGBITS        00001d14 002d14 000058 00  AX  0   0  4
  [ 5] .text.SYSCON_Gene PROGBITS        00001d6c 002d6c 000030 00  AX  0   0  4
  [ 6] .text.SystemCLK_H PROGBITS        00001d9c 002d9c 000088 00  AX  0   0  4
  [ 7] .text.SYSCON_HFOS PROGBITS        00001e24 002e24 000028 00  AX  0   0  4
  [ 8] .text.SYSCON_WDT_ PROGBITS        00001e4c 002e4c 00003c 00  AX  0   0  4
  [ 9] .text.SYSCON_IWDC PROGBITS        00001e88 002e88 000014 00  AX  0   0  4
  [10] .text.SYSCON_IWDC PROGBITS        00001e9c 002e9c 000018 00  AX  0   0  4
  [11] .text.SYSCON_LVD_ PROGBITS        00001eb4 002eb4 000020 00  AX  0   0  4
  [12] .text.LVD_Int_Ena PROGBITS        00001ed4 002ed4 00001c 00  AX  0   0  4
  [13] .text.IWDT_Int_En PROGBITS        00001ef0 002ef0 00001c 00  AX  0   0  4
  [14] .text.EXTI_trigge PROGBITS        00001f0c 002f0c 000040 00  AX  0   0  4
  [15] .text.SYSCON_Int_ PROGBITS        00001f4c 002f4c 00000c 00  AX  0   0  4
  [16] .text.GPIO_Init   PROGBITS        00001f58 002f58 0000e0 00  AX  0   0  4
  [17] .text.GPIO_Set_Va PROGBITS        00002038 003038 000016 00  AX  0   0  2
  [18] .text.WWDT_CONFIG PROGBITS        00002050 003050 000018 00  AX  0   0  4
  [19] .text.WWDT_CNT_Lo PROGBITS        00002068 003068 000010 00  AX  0   0  4
  [20] .text.WWDT_Int_Co PROGBITS        00002078 003078 000034 00  AX  0   0  4
  [21] .text.BT_DeInit   PROGBITS        000020ac 0030ac 00001c 00  AX  0   0  2
  [22] .text.BT_Start    PROGBITS        000020c8 0030c8 000008 00  AX  0   0  2
  [23] .text.BT_Configur PROGBITS        000020d0 0030d0 000018 00  AX  0   0  2
  [24] .text.BT_ControlS PROGBITS        000020e8 0030e8 00002c 00  AX  0   0  2
  [25] .text.BT_Period_C PROGBITS        00002114 003114 000006 00  AX  0   0  2
  [26] .text.BT_ConfigIn PROGBITS        0000211a 00311a 000012 00  AX  0   0  2
  [27] .text.BT0_INT_ENA PROGBITS        0000212c 00312c 000010 00  AX  0   0  4
  [28] .text.BT1_INT_ENA PROGBITS        0000213c 00313c 000010 00  AX  0   0  4
  [29] .text.UART0_DeIni PROGBITS        0000214c 00314c 000018 00  AX  0   0  4
  [30] .text.UART_IO_Ini PROGBITS        00002164 003164 0000d8 00  AX  0   0  4
  [31] .text.UARTInit    PROGBITS        0000223c 00323c 00000a 00  AX  0   0  2
  [32] .text.UARTTxByte  PROGBITS        00002246 003246 00000e 00  AX  0   0  2
  [33] .text.EPT_Softwar PROGBITS        00002254 003254 000020 00  AX  0   0  4
  [34] .text.EPT_Start   PROGBITS        00002274 003274 000028 00  AX  0   0  4
  [35] .text.EPT_IO_SET  PROGBITS        0000229c 00329c 000238 00  AX  0   0  4
  [36] .text.EPT_PWM_Con PROGBITS        000024d4 0034d4 000038 00  AX  0   0  4
  [37] .text.EPT_DBCR_Co PROGBITS        0000250c 00350c 000060 00  AX  0   0  4
  [38] .text.EPT_DB_CLK_ PROGBITS        0000256c 00356c 000010 00  AX  0   0  4
  [39] .text.EPT_PWMX_Ou PROGBITS        0000257c 00357c 0000d8 00  AX  0   0  4
  [40] .text.EPT_PRDR_CM PROGBITS        00002654 003654 00001c 00  AX  0   0  4
  [41] .text.ADC12_Contr PROGBITS        00002670 003670 000010 00  AX  0   0  4
  [42] .text.ADC12_CMD.p PROGBITS        00002680 003680 000020 00  AX  0   0  4
  [43] .text.ADC12_CLK_C PROGBITS        000026a0 0036a0 00002c 00  AX  0   0  4
  [44] .text.ADC12_Softw PROGBITS        000026cc 0036cc 00000a 00  AX  0   0  2
  [45] .text.ADC12_CMD   PROGBITS        000026d8 0036d8 000028 00  AX  0   0  4
  [46] .text.ADC12_ready PROGBITS        00002700 003700 000014 00  AX  0   0  4
  [47] .text.ADC12_Confi PROGBITS        00002714 003714 00007c 00  AX  0   0  4
[...]
	Removing .text.Page_ProgramData(Obj/FWlib_apt32f102_ifc.o), (160 bytes).
	Removing .text.Page_ProgramData_U32(Obj/FWlib_apt32f102_ifc.o), (128 bytes).
	Removing .text.ReadDataArry(Obj/FWlib_apt32f102_ifc.o), (46 bytes).
	Removing .text.ReadDataArry_U8(Obj/FWlib_apt32f102_ifc.o), (42 bytes).
	Removing .text.ReadDataArry_U32(Obj/FWlib_apt32f102_ifc.o), (26 bytes).
	Removing .text.IFC_interrupt_CMD(Obj/FWlib_apt32f102_ifc.o), (28 bytes).
	Removing .text.IFC_Int_Enable(Obj/FWlib_apt32f102_ifc.o), (28 bytes).
	Removing .text.IFC_Int_Disable(Obj/FWlib_apt32f102_ifc.o), (12 bytes).
	Removing .debug_info(Obj/FWlib_apt32f102_ifc.o), (9887 bytes).
	Removing .debug_abbrev(Obj/FWlib_apt32f102_ifc.o), (510 bytes).
	Removing .debug_loc(Obj/FWlib_apt32f102_ifc.o), (392 bytes).
	Removing .debug_aranges(Obj/FWlib_apt32f102_ifc.o), (112 bytes).
	Removing .debug_ranges(Obj/FWlib_apt32f102_ifc.o), (96 bytes).
	Removing .debug_line(Obj/FWlib_apt32f102_ifc.o), (470 bytes).
	Removing .debug_str(Obj/FWlib_apt32f102_ifc.o), (7587 bytes).
	Removing .comment(Obj/FWlib_apt32f102_ifc.o), (67 bytes).
	Removing .debug_frame(Obj/FWlib_apt32f102_ifc.o), (276 bytes).
	Removing .csky.attributes(Obj/FWlib_apt32f102_ifc.o), (32 bytes).
	Removing COMMON(Obj/FWlib_apt32f102_ifc.o), (4 bytes).
	Removing .text(Obj/FWlib_apt32f102_tkey_parameter.o), (0 bytes).
	Removing .data(Obj/FWlib_apt32f102_tkey_parameter.o), (0 bytes).
	Removing .bss(Obj/FWlib_apt32f102_tkey_parameter.o), (0 bytes).
	Removing .text.tk_parameter_init(Obj/FWlib_apt32f102_tkey_parameter.o), (280 bytes).
	Removing .text(Obj/FWlib_apt32f102_coret.o), (0 bytes).
	Removing .data(Obj/FWlib_apt32f102_coret.o), (0 bytes).
	Removing .bss(Obj/FWlib_apt32f102_coret.o), (0 bytes).
	Removing .text.CORET_DeInit(Obj/FWlib_apt32f102_coret.o), (24 bytes).
	Removing .text.CORET_Int_Enable(Obj/FWlib_apt32f102_coret.o), (24 bytes).
	Removing .text.CORET_Int_Disable(Obj/FWlib_apt32f102_coret.o), (12 bytes).
	Removing .text.CORET_WakeUp_Enable(Obj/FWlib_apt32f102_coret.o), (12 bytes).
	Removing .text.CORET_WakeUp_Disable(Obj/FWlib_apt32f102_coret.o), (12 bytes).
	Removing .text.CORET_start(Obj/FWlib_apt32f102_coret.o), (16 bytes).
	Removing .text.CORET_stop(Obj/FWlib_apt32f102_coret.o), (16 bytes).
	Removing .text.CORET_CLKSOURCE_EX(Obj/FWlib_apt32f102_coret.o), (16 bytes).
	Removing .text.CORET_CLKSOURCE_IN(Obj/FWlib_apt32f102_coret.o), (16 bytes).
	Removing .text.CORET_TICKINT_Enable(Obj/FWlib_apt32f102_coret.o), (16 bytes).
	Removing .text.CORET_TICKINT_Disable(Obj/FWlib_apt32f102_coret.o), (16 bytes).
	Removing .text.CORET_reload(Obj/FWlib_apt32f102_coret.o), (16 bytes).
	Removing .debug_info(Obj/FWlib_apt32f102_coret.o), (7132 bytes).
	Removing .debug_abbrev(Obj/FWlib_apt32f102_coret.o), (295 bytes).
	Removing .debug_aranges(Obj/FWlib_apt32f102_coret.o), (120 bytes).
	Removing .debug_ranges(Obj/FWlib_apt32f102_coret.o), (104 bytes).
	Removing .debug_line(Obj/FWlib_apt32f102_coret.o), (323 bytes).
	Removing .debug_str(Obj/FWlib_apt32f102_coret.o), (2836 bytes).
	Removing .comment(Obj/FWlib_apt32f102_coret.o), (67 bytes).
	Removing .debug_frame(Obj/FWlib_apt32f102_coret.o), (208 bytes).
	Removing .csky.attributes(Obj/FWlib_apt32f102_coret.o), (32 bytes).
	Removing .text(Obj/apt32f102_initial.o), (0 bytes).
	Removing .data(Obj/apt32f102_initial.o), (0 bytes).
	Removing .bss(Obj/apt32f102_initial.o), (0 bytes).
	Removing .text.delay_nus(Obj/apt32f102_initial.o), (34 bytes).
	Removing .text.GPIO_CONFIG(Obj/apt32f102_initial.o), (164 bytes).
	Removing .text.GPT0_CONFIG(Obj/apt32f102_initial.o), (168 bytes).
	Removing .text.COUNTA_CONFIG(Obj/apt32f102_initial.o), (64 bytes).
	Removing .text.RTC_CONFIG(Obj/apt32f102_initial.o), (184 bytes).
	Removing .text.ET_CONFIG(Obj/apt32f102_initial.o), (32 bytes).
	Removing .text.SIO_CONFIG(Obj/apt32f102_initial.o), (64 bytes).
	Removing .text.SPI_MASTER_CONFIG(Obj/apt32f102_initial.o), (56 bytes).
	Removing .text.SPI_SLAVE_CONFIG(Obj/apt32f102_initial.o), (50 bytes).
	Removing .text.I2C_MASTER_CONFIG(Obj/apt32f102_initial.o), (48 bytes).
	Removing .text.I2C_SLAVE_CONFIG(Obj/apt32f102_initial.o), (148 bytes).
	Removing .text.UART1_CONFIG(Obj/apt32f102_initial.o), (36 bytes).
	Removing .text.UART2_CONFIG(Obj/apt32f102_initial.o), (36 bytes).
	Removing .text.ADC12_CONFIG(Obj/apt32f102_initial.o), (74 bytes).
	Removing .text.TK_CONFIG(Obj/apt32f102_initial.o), (8 bytes).
	Removing .text(Obj/apt32f102_interrupt.o), (0 bytes).
	Removing .data(Obj/apt32f102_interrupt.o), (0 bytes).
	Removing .bss(Obj/apt32f102_interrupt.o), (0 bytes).
	Removing .text.SystemDesPtr(Obj/apt32f102_interrupt.o), (2 bytes).
	Removing .text(Obj/main.o), (0 bytes).
	Removing .data(Obj/main.o), (0 bytes).
	Removing .text(Obj/bldc.o), (0 bytes).
	Removing .text.bldc_delay(Obj/bldc.o), (2 bytes).
	Removing .text(Obj/drivers_apt32f102.o), (0 bytes).
	Removing .bss(Obj/drivers_apt32f102.o), (0 bytes).
	Removing .text.__modsi3(Obj/drivers_apt32f102.o), (36 bytes).
	Removing .text(Obj/drivers_apt32f102_ck801.o), (0 bytes).
	Removing .data(Obj/drivers_apt32f102_ck801.o), (0 bytes).
	Removing .bss(Obj/drivers_apt32f102_ck801.o), (0 bytes).
	Removing .text.CK801_Init(Obj/drivers_apt32f102_ck801.o), (108 bytes).
	Removing .text.force_interrupt(Obj/drivers_apt32f102_ck801.o), (24 bytes).
	Removing .text.CK_CPU_DisAllNormalIrq(Obj/drivers_apt32f102_ck801.o), (6 bytes).
	Removing .text(Obj/__rt_entry.o), (240 bytes).
	Removing .data(Obj/__rt_entry.o), (0 bytes).
	Removing .bss(Obj/__rt_entry.o), (0 bytes).
	Removing .debug_line(Obj/__rt_entry.o), (131 bytes).
	Removing .debug_info(Obj/__rt_entry.o), (101 bytes).
	Removing .debug_abbrev(Obj/__rt_entry.o), (20 bytes).
	Removing .debug_aranges(Obj/__rt_entry.o), (32 bytes).
	Removing .csky.attributes(Obj/__rt_entry.o), (32 bytes).
	Removing .text(FWlib_apt32f102_tkey_f_1_17.o), (0 bytes).
	Removing .text.TK_ConfigInterrupt_CMD.part.0(FWlib_apt32f102_tkey_f_1_17.o), (16 bytes).
	Removing .text.TK_DeInit(FWlib_apt32f102_tkey_f_1_17.o), (60 bytes).
	Removing .text.tk_clk_config(FWlib_apt32f102_tkey_f_1_17.o), (40 bytes).
	Removing .text.TK_con0_config(FWlib_apt32f102_tkey_f_1_17.o), (188 bytes).
	Removing .text.tk_scan_config(FWlib_apt32f102_tkey_f_1_17.o), (40 bytes).
	Removing .text.TK_ConfigInterrupt_CMD(FWlib_apt32f102_tkey_f_1_17.o), (32 bytes).
	Removing .text.tk_io_enable(FWlib_apt32f102_tkey_f_1_17.o), (308 bytes).
	Removing .text.lpt_init(FWlib_apt32f102_tkey_f_1_17.o), (76 bytes).
	Removing .text.TK_setup_sleep(FWlib_apt32f102_tkey_f_1_17.o), (92 bytes).
	Removing .text.TK_quit_sleep(FWlib_apt32f102_tkey_f_1_17.o), (40 bytes).
	Removing .text.TK_Baseline_prog(FWlib_apt32f102_tkey_f_1_17.o), (336 bytes).
	Removing .text.TK_Baseline_prog2(FWlib_apt32f102_tkey_f_1_17.o), (328 bytes).
	Removing .text.tk_poweron_data_fineturn(FWlib_apt32f102_tkey_f_1_17.o), (292 bytes).
	Removing .text.get_key_seq(FWlib_apt32f102_tkey_f_1_17.o), (56 bytes).
	Removing .text.CORET_CONFIG(FWlib_apt32f102_tkey_f_1_17.o), (56 bytes).
	Removing .text.tk_chxval_seqxcon_clr(FWlib_apt32f102_tkey_f_1_17.o), (28 bytes).
	Removing .text.tk_freq_para_init(FWlib_apt32f102_tkey_f_1_17.o), (172 bytes).
	Removing .text.tk_reserved_init(FWlib_apt32f102_tkey_f_1_17.o), (40 bytes).
	Removing .text.tk_init(FWlib_apt32f102_tkey_f_1_17.o), (272 bytes).
	Removing .text.tk_prgm(FWlib_apt32f102_tkey_f_1_17.o), (2 bytes).
	Removing .text(FWlib_apt32f102_clkcalib.o), (0 bytes).
	Removing .data(FWlib_apt32f102_clkcalib.o), (0 bytes).
	Removing .bss(FWlib_apt32f102_clkcalib.o), (0 bytes).
	Removing .data(pow.o), (0 bytes).
	Removing .bss(pow.o), (0 bytes).
	Removing .data(fabs.o), (0 bytes).
	Removing .bss(fabs.o), (0 bytes).
	Removing .data(scalbn.o), (0 bytes).
	Removing .bss(scalbn.o), (0 bytes).
	Removing .data(sqrt.o), (0 bytes).
	Removing .bss(sqrt.o), (0 bytes).
	Removing .data(_csky_case_uqi.o), (0 bytes).
	Removing .bss(_csky_case_uqi.o), (0 bytes).
	Removing .data(_fixunsdfsi.o), (0 bytes).
	Removing .bss(_fixunsdfsi.o), (0 bytes).
	Removing .data(_addsub_df.o), (0 bytes).
	Removing .bss(_addsub_df.o), (0 bytes).
	Removing .data(_mul_df.o), (0 bytes).
	Removing .bss(_mul_df.o), (0 bytes).
	Removing .data(_div_df.o), (0 bytes).
	Removing .bss(_div_df.o), (0 bytes).
	Removing .data(_gt_df.o), (0 bytes).
	Removing .bss(_gt_df.o), (0 bytes).
	Removing .data(_ge_df.o), (0 bytes).
	Removing .bss(_ge_df.o), (0 bytes).
	Removing .data(_le_df.o), (0 bytes).
	Removing .bss(_le_df.o), (0 bytes).
	Removing .data(_si_to_df.o), (0 bytes).
	Removing .bss(_si_to_df.o), (0 bytes).
	Removing .data(_df_to_si.o), (0 bytes).
	Removing .bss(_df_to_si.o), (0 bytes).
	Removing .text(_thenan_df.o), (0 bytes).
	Removing .data(_thenan_df.o), (0 bytes).
	Removing .bss(_thenan_df.o), (0 bytes).
	Removing .data(_usi_to_df.o), (0 bytes).
	Removing .bss(_usi_to_df.o), (0 bytes).
	Removing .data(_muldi3.o), (0 bytes).
	Removing .bss(_muldi3.o), (0 bytes).
	Removing .data(_clzsi2.o), (0 bytes).
	Removing .bss(_clzsi2.o), (0 bytes).
	Removing .data(_pack_df.o), (0 bytes).
	Removing .bss(_pack_df.o), (0 bytes).
	Removing .data(_unpack_df.o), (0 bytes).
	Removing .bss(_unpack_df.o), (0 bytes).
	Removing .data(_fpcmp_parts_df.o), (0 bytes).
	Removing .bss(_fpcmp_parts_df.o), (0 bytes).
	Removing .text(_clz.o), (0 bytes).
	Removing .data(_clz.o), (0 bytes).
	Removing .bss(_clz.o), (0 bytes).
	Removing .data(printf_required.o), (0 bytes).
	Removing .bss(printf_required.o), (0 bytes).
	Removing .data(puts.o), (0 bytes).
	Removing .bss(puts.o), (0 bytes).
	Removing .data(vprintf_required.o), (0 bytes).
	Removing .bss(vprintf_required.o), (0 bytes).
	Removing .text(stdinit.o), (0 bytes).
	Removing .bss(stdinit.o), (0 bytes).
	Removing .data(fputs.o), (0 bytes).
	Removing .bss(fputs.o), (0 bytes).
	Removing .data(memset_fast.o), (0 bytes).
	Removing .bss(memset_fast.o), (0 bytes).
	Removing .data(memcpy_fast.o), (0 bytes).
	Removing .bss(memcpy_fast.o), (0 bytes).
	Removing .data(critical.o), (0 bytes).
	Removing .bss(critical.o), (0 bytes).
	Removing .data(__v2_printfD.o), (0 bytes).
	Removing .bss(__v2_printfD.o), (0 bytes).

633 unused seciton(s) (total 202397 bytes) removed from the image.

======================================================================

Image Symbol Table 

	Local Symbols

	Symbol Name                        Value        Type   Size  Section
	FWlib_apt32f102_clkcalib.o         0x00000000     df        0  *ABS*
	FWlib_apt32f102_tkey_f_1_17.o      0x00000000     df        0  *ABS*
	Obj/FWlib_apt32f102_adc.o          0x00000000     df        0  *ABS*
	Obj/FWlib_apt32f102_bt.o           0x00000000     df        0  *ABS*
	Obj/FWlib_apt32f102_ept.o          0x00000000     df        0  *ABS*
	Obj/FWlib_apt32f102_gpio.o         0x00000000     df        0  *ABS*
	Obj/FWlib_apt32f102_syscon.o       0x00000000     df        0  *ABS*
	Obj/FWlib_apt32f102_uart.o         0x00000000     df        0  *ABS*
	Obj/FWlib_apt32f102_wwdt.o         0x00000000     df        0  *ABS*
	Obj/apt32f102_initial.o            0x00000000     df        0  *ABS*
	Obj/apt32f102_interrupt.o          0x00000000     df        0  *ABS*
	Obj/arch_crt0.o                    0x00000000     df        0  *ABS*
	Obj/arch_mem_init.o                0x00000000     df        0  *ABS*
	Obj/bldc.o                         0x00000000     df        0  *ABS*
	Obj/drivers_apt32f102.o            0x00000000     df        0  *ABS*
	Obj/drivers_apt32f102_ck801.o      0x00000000     df        0  *ABS*
	Obj/main.o                         0x00000000     df        0  *ABS*
	__v2_printfD.o                     0x00000000     df        0  *ABS*
	_addsub_df.o                       0x00000000     df        0  *ABS*
	_clzsi2.o                          0x00000000     df        0  *ABS*
	_csky_case_uqi.o                   0x00000000     df        0  *ABS*
	_df_to_si.o                        0x00000000     df        0  *ABS*
	_div_df.o                          0x00000000     df        0  *ABS*
	_fixunsdfsi.o                      0x00000000     df        0  *ABS*
	_fpcmp_parts_df.o                  0x00000000     df        0  *ABS*
	_ge_df.o                           0x00000000     df        0  *ABS*
	_gt_df.o                           0x00000000     df        0  *ABS*
	_le_df.o                           0x00000000     df        0  *ABS*
	_mul_df.o                          0x00000000     df        0  *ABS*
	_muldi3.o                          0x00000000     df        0  *ABS*
	_pack_df.o                         0x00000000     df        0  *ABS*
	_si_to_df.o                        0x00000000     df        0  *ABS*
	_unpack_df.o                       0x00000000     df        0  *ABS*
	_usi_to_df.o                       0x00000000     df        0  *ABS*
	critical.o                         0x00000000     df        0  *ABS*
	fabs.o                             0x00000000     df        0  *ABS*
	fputs.o                            0x00000000     df        0  *ABS*
	memcpy_fast.o                      0x00000000     df        0  *ABS*
	memset_fast.o                      0x00000000     df        0  *ABS*
	pow.o                              0x00000000     df        0  *ABS*
	printf_required.o                  0x00000000     df        0  *ABS*
	puts.o                             0x00000000     df        0  *ABS*
	scalbn.o                           0x00000000     df        0  *ABS*
	sqrt.o                             0x00000000     df        0  *ABS*
	stdinit.o                          0x00000000     df        0  *ABS*
	vprintf_required.o                 0x00000000     df        0  *ABS*
	$d                                 0x00000000               0  .text
	$t                                 0x0000010c               0  .text
	INIT_KERLE_STACK                   0x0000013e               0  .text
	__to_main                          0x00000146               0  .text
	__dummy                            0x00000182               0  .text
	$d                                 0x00000186               0  .text
	$d                                 0x000001b4               0  .text
	$t                                 0x000001b4               0  .text
	$d                                 0x00000578               0  .text
	$t                                 0x000005e0               0  .text
	$d                                 0x00000aa8               0  .text
	$t                                 0x00000b58               0  .text
	$d                                 0x00000b5e               0  .text
	$t                                 0x00000b5e               0  .text
	$d                                 0x00000b64               0  .text
	$t                                 0x00000b64               0  .text
	$d                                 0x00000b80               0  .text
	$d                                 0x00000b84               0  .text
	$t                                 0x00000b84               0  .text
	$d                                 0x00000cf0               0  .text
	$d                                 0x00000cfc               0  .text
	$t                                 0x00000cfc               0  .text
	$d                                 0x00000d10               0  .text
	$t                                 0x00000d10               0  .text
	$d                                 0x00000d44               0  .text
	_fpadd_parts                       0x00000d48      F      724  .text
	$d                                 0x00000d48               0  .text
	$t                                 0x00000d48               0  .text
	$d                                 0x00001010               0  .text
	$t                                 0x0000101c               0  .text
	$d                                 0x00001084               0  .text
	$t                                 0x00001084               0  .text
	$d                                 0x000012ac               0  .text
	$d                                 0x000012b8               0  .text
	$t                                 0x000012b8               0  .text
	$d                                 0x00001408               0  .text
	$d                                 0x0000140c               0  .text
	$t                                 0x0000140c               0  .text
	$d                                 0x00001448               0  .text
	$t                                 0x00001448               0  .text
	$d                                 0x00001484               0  .text
	$t                                 0x00001484               0  .text
	$d                                 0x000014c0               0  .text
	$t                                 0x000014c0               0  .text
	$d                                 0x0000152c               0  .text
	$d                                 0x00001530               0  .text
	$t                                 0x00001530               0  .text
	$d                                 0x0000159c               0  .text
	$d                                 0x000015a0               0  .text
	$t                                 0x000015a0               0  .text
	$d                                 0x000015f4               0  .text
	$t                                 0x000015f4               0  .text
	$d                                 0x00001638               0  .text
	$t                                 0x00001638               0  .text
	$d                                 0x0000166c               0  .text
	$d                                 0x00001678               0  .text
	$t                                 0x00001678               0  .text
	$d                                 0x00001800               0  .text
	$d                                 0x00001814               0  .text
	$t                                 0x00001814               0  .text
	$d                                 0x000018cc               0  .text
	$d                                 0x000018d8               0  .text
	$t                                 0x000018d8               0  .text
	$d                                 0x00001964               0  .text
	$t                                 0x00001964               0  .text
	$d                                 0x00001988               0  .text
	$t                                 0x00001988               0  .text
	$d                                 0x0000199c               0  .text
	$d                                 0x000019a0               0  .text
	$t                                 0x000019a0               0  .text
	$d                                 0x000019d0               0  .text
	$t                                 0x000019d4               0  .text
	$d                                 0x000019f0               0  .text
	$d                                 0x000019f4               0  .text
	$t                                 0x000019f4               0  .text
	$d                                 0x00001a3c               0  .text
	$t                                 0x00001a3c               0  .text
	$d                                 0x00001ac4               0  .text
	$t                                 0x00001ac4               0  .text
	$d                                 0x00001b28               0  .text
	$t                                 0x00001b28               0  .text
	$d                                 0x00001b38               0  .text
	$t                                 0x00001b38               0  .text
	$d                                 0x00001c68               0  .text.__main
	$t                                 0x00001c68               0  .text.__main
	$d                                 0x00001c8c               0  .text.__main
	SYSCON_General_CMD.part.0          0x00001ca0      F      116  .text.SYSCON_General_CMD.part.0
	$d                                 0x00001ca0               0  .text.SYSCON_General_CMD.part.0
	$t                                 0x00001ca0               0  .text.SYSCON_General_CMD.part.0
	$d                                 0x00001d0c               0  .text.SYSCON_General_CMD.part.0
	$d                                 0x00001d14               0  .text.SYSCON_RST_VALUE
	$t                                 0x00001d14               0  .text.SYSCON_RST_VALUE
	$d                                 0x00001d50               0  .text.SYSCON_RST_VALUE
	$d                                 0x00001d6c               0  .text.SYSCON_General_CMD
	$t                                 0x00001d6c               0  .text.SYSCON_General_CMD
	$d                                 0x00001d98               0  .text.SYSCON_General_CMD
	$d                                 0x00001d9c               0  .text.SystemCLK_HCLKDIV_PCLKDIV_Config
	$t                                 0x00001d9c               0  .text.SystemCLK_HCLKDIV_PCLKDIV_Config
	$d                                 0x00001e14               0  .text.SystemCLK_HCLKDIV_PCLKDIV_Config
	$d                                 0x00001e24               0  .text.SYSCON_HFOSC_SELECTE
	$t                                 0x00001e24               0  .text.SYSCON_HFOSC_SELECTE
	$d                                 0x00001e48               0  .text.SYSCON_HFOSC_SELECTE
	$d                                 0x00001e4c               0  .text.SYSCON_WDT_CMD
	$t                                 0x00001e4c               0  .text.SYSCON_WDT_CMD
	$d                                 0x00001e7c               0  .text.SYSCON_WDT_CMD
	$d                                 0x00001e88               0  .text.SYSCON_IWDCNT_Reload
	$t                                 0x00001e88               0  .text.SYSCON_IWDCNT_Reload
	$d                                 0x00001e98               0  .text.SYSCON_IWDCNT_Reload
	$d                                 0x00001e9c               0  .text.SYSCON_IWDCNT_Config
	$t                                 0x00001e9c               0  .text.SYSCON_IWDCNT_Config
	$d                                 0x00001eac               0  .text.SYSCON_IWDCNT_Config
	$d                                 0x00001eb4               0  .text.SYSCON_LVD_Config
	$t                                 0x00001eb4               0  .text.SYSCON_LVD_Config
	$d                                 0x00001ecc               0  .text.SYSCON_LVD_Config
	$d                                 0x00001ed4               0  .text.LVD_Int_Enable
	$t                                 0x00001ed4               0  .text.LVD_Int_Enable
	$d                                 0x00001eec               0  .text.LVD_Int_Enable
	$d                                 0x00001ef0               0  .text.IWDT_Int_Enable
	$t                                 0x00001ef0               0  .text.IWDT_Int_Enable
	$d                                 0x00001f08               0  .text.IWDT_Int_Enable
	$d                                 0x00001f0c               0  .text.EXTI_trigger_CMD
	$t                                 0x00001f0c               0  .text.EXTI_trigger_CMD
	$d                                 0x00001f48               0  .text.EXTI_trigger_CMD
	$d                                 0x00001f4c               0  .text.SYSCON_Int_Enable
	$t                                 0x00001f4c               0  .text.SYSCON_Int_Enable
	$d                                 0x00001f54               0  .text.SYSCON_Int_Enable
	$d                                 0x00001f58               0  .text.GPIO_Init
	$t                                 0x00001f58               0  .text.GPIO_Init
	$d                                 0x00001f6a               0  .text.GPIO_Init
	$t                                 0x00001f72               0  .text.GPIO_Init
	$d                                 0x00001fce               0  .text.GPIO_Init
	$t                                 0x00001fd6               0  .text.GPIO_Init
	$d                                 0x00002024               0  .text.GPIO_Init
	$d                                 0x00002038               0  .text.GPIO_Set_Value
	$t                                 0x00002038               0  .text.GPIO_Set_Value
	$d                                 0x00002050               0  .text.WWDT_CONFIG
	$t                                 0x00002050               0  .text.WWDT_CONFIG
	$d                                 0x00002064               0  .text.WWDT_CONFIG
	$d                                 0x00002068               0  .text.WWDT_CNT_Load
	$t                                 0x00002068               0  .text.WWDT_CNT_Load
	$d                                 0x00002074               0  .text.WWDT_CNT_Load
	$d                                 0x00002078               0  .text.WWDT_Int_Config
	$t                                 0x00002078               0  .text.WWDT_Int_Config
	$d                                 0x000020a0               0  .text.WWDT_Int_Config
	$d                                 0x000020ac               0  .text.BT_DeInit
	$t                                 0x000020ac               0  .text.BT_DeInit
	$d                                 0x000020c8               0  .text.BT_Start
	$t                                 0x000020c8               0  .text.BT_Start
	$d                                 0x000020d0               0  .text.BT_Configure
	$t                                 0x000020d0               0  .text.BT_Configure
	$d                                 0x000020e8               0  .text.BT_ControlSet_Configure
	$t                                 0x000020e8               0  .text.BT_ControlSet_Configure
	$d                                 0x00002114               0  .text.BT_Period_CMP_Write
	$t                                 0x00002114               0  .text.BT_Period_CMP_Write
	$d                                 0x0000211a               0  .text.BT_ConfigInterrupt_CMD
	$t                                 0x0000211a               0  .text.BT_ConfigInterrupt_CMD
	$d                                 0x0000212c               0  .text.BT0_INT_ENABLE
	$t                                 0x0000212c               0  .text.BT0_INT_ENABLE
	$d                                 0x00002138               0  .text.BT0_INT_ENABLE
	$d                                 0x0000213c               0  .text.BT1_INT_ENABLE
	$t                                 0x0000213c               0  .text.BT1_INT_ENABLE
	$d                                 0x00002148               0  .text.BT1_INT_ENABLE
	$d                                 0x0000214c               0  .text.UART0_DeInit
	$t                                 0x0000214c               0  .text.UART0_DeInit
	$d                                 0x00002160               0  .text.UART0_DeInit
	$d                                 0x00002164               0  .text.UART_IO_Init
	$t                                 0x00002164               0  .text.UART_IO_Init
	$d                                 0x00002234               0  .text.UART_IO_Init
	$d                                 0x0000223c               0  .text.UARTInit
	$t                                 0x0000223c               0  .text.UARTInit
	$d                                 0x00002246               0  .text.UARTTxByte
	$t                                 0x00002246               0  .text.UARTTxByte
	$d                                 0x00002254               0  .text.EPT_Software_Prg
	$t                                 0x00002254               0  .text.EPT_Software_Prg
	$d                                 0x00002270               0  .text.EPT_Software_Prg
	$d                                 0x00002274               0  .text.EPT_Start
	$t                                 0x00002274               0  .text.EPT_Start
	$d                                 0x00002294               0  .text.EPT_Start
	$d                                 0x0000229c               0  .text.EPT_IO_SET
	$t                                 0x0000229c               0  .text.EPT_IO_SET
	$d                                 0x000024cc               0  .text.EPT_IO_SET
	$d                                 0x000024d4               0  .text.EPT_PWM_Config
	$t                                 0x000024d4               0  .text.EPT_PWM_Config
	$d                                 0x00002504               0  .text.EPT_PWM_Config
	$d                                 0x0000250c               0  .text.EPT_DBCR_Config
	$t                                 0x0000250c               0  .text.EPT_DBCR_Config
	$d                                 0x00002568               0  .text.EPT_DBCR_Config
	$d                                 0x0000256c               0  .text.EPT_DB_CLK_Config
	$t                                 0x0000256c               0  .text.EPT_DB_CLK_Config
	$d                                 0x00002578               0  .text.EPT_DB_CLK_Config
	$d                                 0x0000257c               0  .text.EPT_PWMX_Output_Control
	$t                                 0x0000257c               0  .text.EPT_PWMX_Output_Control
	$d                                 0x00002650               0  .text.EPT_PWMX_Output_Control
	$d                                 0x00002654               0  .text.EPT_PRDR_CMPA_CMPB_CMPC_CMPD_Config
	$t                                 0x00002654               0  .text.EPT_PRDR_CMPA_CMPB_CMPC_CMPD_Config
	$d                                 0x0000266c               0  .text.EPT_PRDR_CMPA_CMPB_CMPC_CMPD_Config
	$d                                 0x00002670               0  .text.ADC12_Control
	$t                                 0x00002670               0  .text.ADC12_Control
	$d                                 0x0000267c               0  .text.ADC12_Control
	ADC12_CMD.part.0                   0x00002680      F       32  .text.ADC12_CMD.part.0
	$d                                 0x00002680               0  .text.ADC12_CMD.part.0
	$t                                 0x00002680               0  .text.ADC12_CMD.part.0
	$d                                 0x0000269c               0  .text.ADC12_CMD.part.0
	$d                                 0x000026a0               0  .text.ADC12_CLK_CMD
	$t                                 0x000026a0               0  .text.ADC12_CLK_CMD
	$d                                 0x000026c8               0  .text.ADC12_CLK_CMD
	$d                                 0x000026cc               0  .text.ADC12_Software_Reset
	$t                                 0x000026cc               0  .text.ADC12_Software_Reset
	$d                                 0x000026d8               0  .text.ADC12_CMD
	$t                                 0x000026d8               0  .text.ADC12_CMD
	$d                                 0x000026fc               0  .text.ADC12_CMD
	$d                                 0x00002700               0  .text.ADC12_ready_wait
	$t                                 0x00002700               0  .text.ADC12_ready_wait
	$d                                 0x00002710               0  .text.ADC12_ready_wait
	$d                                 0x00002714               0  .text.ADC12_Configure_Mode
	$t                                 0x00002714               0  .text.ADC12_Configure_Mode
	$d                                 0x0000278c               0  .text.ADC12_Configure_Mode
	$d                                 0x00002790               0  .text.ADC12_Configure_VREF_Selecte
	$t                                 0x00002790               0  .text.ADC12_Configure_VREF_Selecte
	$d                                 0x00002904               0  .text.ADC12_Configure_VREF_Selecte
	$d                                 0x00002928               0  .text.ADC12_ConversionChannel_Config
	$t                                 0x00002928               0  .text.ADC12_ConversionChannel_Config
	$d                                 0x00002954               0  .text.ADC12_ConversionChannel_Config
	$t                                 0x00002964               0  .text.ADC12_ConversionChannel_Config
	$d                                 0x00002a9c               0  .text.ADC12_ConversionChannel_Config
	$d                                 0x00002aa8               0  .text.delay_nms
	$t                                 0x00002aa8               0  .text.delay_nms
	$d                                 0x00002ad4               0  .text.EPT0_CONFIG
	$t                                 0x00002ad4               0  .text.EPT0_CONFIG
	$d                                 0x00002bb8               0  .text.BT_CONFIG
	$t                                 0x00002bb8               0  .text.BT_CONFIG
	$d                                 0x00002c4c               0  .text.BT_CONFIG
	$d                                 0x00002c54               0  .text.UART0_CONFIG
	$t                                 0x00002c54               0  .text.UART0_CONFIG
	$d                                 0x00002c70               0  .text.UART0_CONFIG
	$d                                 0x00002c74               0  .text.SYSCON_CONFIG
	$t                                 0x00002c74               0  .text.SYSCON_CONFIG
	$d                                 0x00002cf4               0  .text.APT32F102_init
	$t                                 0x00002cf4               0  .text.APT32F102_init
	$d                                 0x00002d20               0  .text.APT32F102_init
	$d                                 0x00002d28               0  .text.SYSCONIntHandler
	$t                                 0x00002d28               0  .text.SYSCONIntHandler
	$d                                 0x00002e1c               0  .text.SYSCONIntHandler
	$d                                 0x00002e20               0  .text.IFCIntHandler
	$t                                 0x00002e20               0  .text.IFCIntHandler
	$d                                 0x00002e84               0  .text.IFCIntHandler
	$d                                 0x00002e88               0  .text.ADCIntHandler
	$t                                 0x00002e88               0  .text.ADCIntHandler
	$d                                 0x00002f04               0  .text.ADCIntHandler
	$d                                 0x00002f10               0  .text.EPT0IntHandler
	$t                                 0x00002f10               0  .text.EPT0IntHandler
	$d                                 0x000030ac               0  .text.EPT0IntHandler
	$d                                 0x000030b8               0  .text.WWDTHandler
	$t                                 0x000030b8               0  .text.WWDTHandler
	$d                                 0x000030e8               0  .text.WWDTHandler
	$d                                 0x000030ec               0  .text.GPT0IntHandler
	$t                                 0x000030ec               0  .text.GPT0IntHandler
	$d                                 0x00003168               0  .text.GPT0IntHandler
	$d                                 0x0000316c               0  .text.RTCIntHandler
	$t                                 0x0000316c               0  .text.RTCIntHandler
	$d                                 0x000031d4               0  .text.RTCIntHandler
	$d                                 0x000031dc               0  .text.UART0IntHandler
	$t                                 0x000031dc               0  .text.UART0IntHandler
	$d                                 0x00003214               0  .text.UART0IntHandler
	$d                                 0x00003218               0  .text.UART1IntHandler
	$t                                 0x00003218               0  .text.UART1IntHandler
	$d                                 0x00003250               0  .text.UART1IntHandler
	$d                                 0x00003254               0  .text.UART2IntHandler
	$t                                 0x00003254               0  .text.UART2IntHandler
	$d                                 0x0000328c               0  .text.UART2IntHandler
	$d                                 0x00003290               0  .text.SPI0IntHandler
	$t                                 0x00003290               0  .text.SPI0IntHandler
	$d                                 0x00003374               0  .text.SPI0IntHandler
	$d                                 0x00003378               0  .text.SIO0IntHandler
	$t                                 0x00003378               0  .text.SIO0IntHandler
	$d                                 0x000033f0               0  .text.SIO0IntHandler
	$d                                 0x000033fc               0  .text.EXI0IntHandler
	$t                                 0x000033fc               0  .text.EXI0IntHandler
	$d                                 0x00003428               0  .text.EXI0IntHandler
	$d                                 0x0000342c               0  .text.EXI1IntHandler
	$t                                 0x0000342c               0  .text.EXI1IntHandler
	$d                                 0x00003458               0  .text.EXI1IntHandler
	$d                                 0x0000345c               0  .text.EXI2to3IntHandler
	$t                                 0x0000345c               0  .text.EXI2to3IntHandler
	$d                                 0x000034a0               0  .text.EXI2to3IntHandler
	$d                                 0x000034a4               0  .text.EXI4to9IntHandler
	$t                                 0x000034a4               0  .text.EXI4to9IntHandler
	$d                                 0x000034fc               0  .text.EXI4to9IntHandler
	$d                                 0x00003500               0  .text.EXI10to15IntHandler
	$t                                 0x00003500               0  .text.EXI10to15IntHandler
	$d                                 0x0000355c               0  .text.EXI10to15IntHandler
	$d                                 0x00003560               0  .text.LPTIntHandler
	$t                                 0x00003560               0  .text.LPTIntHandler
	$d                                 0x00003590               0  .text.LPTIntHandler
	$d                                 0x00003594               0  .text.BT0IntHandler
	$t                                 0x00003594               0  .text.BT0IntHandler
	$d                                 0x000035e4               0  .text.BT0IntHandler
	$d                                 0x000035ec               0  .text.BT1IntHandler
	$t                                 0x000035ec               0  .text.BT1IntHandler
	$d                                 0x00003634               0  .text.BT1IntHandler
	$d                                 0x00003640               0  .text.PriviledgeVioHandler
	$t                                 0x00003640               0  .text.PriviledgeVioHandler
	$d                                 0x00003642               0  .text.PendTrapHandler
	$t                                 0x00003642               0  .text.PendTrapHandler
	$d                                 0x0000364a               0  .text.Trap3Handler
	$t                                 0x0000364a               0  .text.Trap3Handler
	$d                                 0x00003652               0  .text.Trap2Handler
	$t                                 0x00003652               0  .text.Trap2Handler
	$d                                 0x0000365a               0  .text.Trap1Handler
	$t                                 0x0000365a               0  .text.Trap1Handler
	$d                                 0x00003662               0  .text.Trap0Handler
	$t                                 0x00003662               0  .text.Trap0Handler
	$d                                 0x0000366a               0  .text.UnrecExecpHandler
	$t                                 0x0000366a               0  .text.UnrecExecpHandler
	$d                                 0x00003672               0  .text.BreakPointHandler
	$t                                 0x00003672               0  .text.BreakPointHandler
	$d                                 0x0000367a               0  .text.AccessErrHandler
	$t                                 0x0000367a               0  .text.AccessErrHandler
	$d                                 0x00003682               0  .text.IllegalInstrHandler
	$t                                 0x00003682               0  .text.IllegalInstrHandler
	$d                                 0x0000368a               0  .text.MisalignedHandler
	$t                                 0x0000368a               0  .text.MisalignedHandler
	$d                                 0x00003692               0  .text.CNTAIntHandler
	$t                                 0x00003692               0  .text.CNTAIntHandler
	$d                                 0x0000369a               0  .text.I2CIntHandler
	$t                                 0x0000369a               0  .text.I2CIntHandler
	$d                                 0x000036a4               0  .text.startup.main
	$t                                 0x000036a4               0  .text.startup.main
	$d                                 0x00003740               0  .text.startup.main
	$d                                 0x0000374c               0  .text.fputc
	$t                                 0x0000374c               0  .text.fputc
	$d                                 0x00003760               0  .text.fputc
	$d                                 0x00003764               0  .text.ADC_CONFIG
	$t                                 0x00003764               0  .text.ADC_CONFIG
	$d                                 0x000037c8               0  .text.bldcInit
	$t                                 0x000037c8               0  .text.bldcInit
	$d                                 0x000037fc               0  .text.bldcInit
	$d                                 0x00003808               0  .text.stepMoter
	$t                                 0x00003808               0  .text.stepMoter
	$d                                 0x0000381a               0  .text.stepMoter
	$t                                 0x00003820               0  .text.stepMoter
	$d                                 0x00003954               0  .text.stepMoter
	$d                                 0x0000395c               0  .text.adc_get
	$t                                 0x0000395c               0  .text.adc_get
	$d                                 0x0000398e               0  .text.adc_get
	$t                                 0x00003994               0  .text.adc_get
	$d                                 0x00003a90               0  .text.adc_get
	$d                                 0x00003aa4               0  .text.blcdStart
	$t                                 0x00003aa4               0  .text.blcdStart
	$d                                 0x00003ae8               0  .text.blcdStart
	$d                                 0x00003af4               0  .text.__divsi3
	$t                                 0x00003af4               0  .text.__divsi3
	$d                                 0x00003b14               0  .text.__divsi3
	$d                                 0x00003b18               0  .text.__udivsi3
	$t                                 0x00003b18               0  .text.__udivsi3
	$d                                 0x00003b38               0  .text.__udivsi3
	$d                                 0x00003b3c               0  .text.__umodsi3
	$t                                 0x00003b3c               0  .text.__umodsi3
	$d                                 0x00003b5c               0  .text.__umodsi3
	$d                                 0x00003b60               0  .text.CK_CPU_EnAllNormalIrq
	$t                                 0x00003b60               0  .text.CK_CPU_EnAllNormalIrq
	$d                                 0x00003b68               0  .text.TK_Sampling_prog
	$t                                 0x00003b68               0  .text.TK_Sampling_prog
	$d                                 0x00003c10               0  .text.TK_Sampling_prog
	$d                                 0x00003c34               0  .text.get_key_number
	$t                                 0x00003c34               0  .text.get_key_number
	$d                                 0x00003c58               0  .text.get_key_number
	$d                                 0x00003c5c               0  .text.TK_Scan_Start
	$t                                 0x00003c5c               0  .text.TK_Scan_Start
	$d                                 0x00003ca8               0  .text.TK_Scan_Start
	$d                                 0x00003cc4               0  .text.TK_Keymap_prog
	$t                                 0x00003cc4               0  .text.TK_Keymap_prog
	$d                                 0x00004000               0  .text.TK_Keymap_prog
	$t                                 0x00004084               0  .text.TK_Keymap_prog
	$d                                 0x000043e0               0  .text.TK_Keymap_prog
	$t                                 0x00004424               0  .text.TK_Keymap_prog
	$d                                 0x00004520               0  .text.TK_Keymap_prog
	$d                                 0x00004534               0  .text.TK_overflow_predict
	$t                                 0x00004534               0  .text.TK_overflow_predict
	$d                                 0x00004628               0  .text.TK_overflow_predict
	$d                                 0x0000465c               0  .text.TK_Baseline_tracking
	$t                                 0x0000465c               0  .text.TK_Baseline_tracking
	$d                                 0x000049b8               0  .text.TK_Baseline_tracking
	$t                                 0x00004a0c               0  .text.TK_Baseline_tracking
	$d                                 0x00004b60               0  .text.TK_Baseline_tracking
	$d                                 0x00004b74               0  .text.TK_result_prog
	$t                                 0x00004b74               0  .text.TK_result_prog
	$d                                 0x00004ce0               0  .text.TK_result_prog
	$d                                 0x00004d1c               0  .text.TKEYIntHandler
	$t                                 0x00004d1c               0  .text.TKEYIntHandler
	$d                                 0x00004dac               0  .text.TKEYIntHandler
	$d                                 0x00004dbc               0  .text.CORETHandler
	$t                                 0x00004dbc               0  .text.CORETHandler
	$d                                 0x00004ef8               0  .text.CORETHandler
	$d                                 0x00004f2c               0  .text.std_clk_calib_source
	$t                                 0x00004f2c               0  .text.std_clk_calib_source
	$d                                 0x00004f50               0  .text.std_clk_calib_source
	$d                                 0x00004f5c               0  .text.std_clk_calib
	$t                                 0x00004f5c               0  .text.std_clk_calib
	$d                                 0x000051a8               0  .text.std_clk_calib
	bp                                 0x000051e0      O       16  .rodata
	dp_l                               0x000051f0      O       16  .rodata
	dp_h                               0x00005200      O       16  .rodata
	i.5787                             0x20000000      O        1  .data
	__stderr                           0x200000ac      O       28  .data
	__stdout                           0x200000cc      O       28  .data
	__stdin                            0x200000ec      O       28  .data
	control_start.5655                 0x20000108      O        1  .bss
	timer_align.5653                   0x2000010a      O        2  .bss
	timer_close.5654                   0x2000010c      O        2  .bss
	j.5769                             0x2000010e      O        1  .bss
	i.5768                             0x2000010f      O        1  .bss
	timer.5786                         0x20000110      O        2  .bss

	Global Symbols

	Symbol Name                        Value        Type   Size  Section
	vector_table                       0x00000000               0  .text
	__start                            0x0000010c               0  .text
	__exit                             0x00000160               0  .text
	__fail                             0x00000176               0  .text
	DummyHandler                       0x00000184               0  .text
	__GI_pow                           0x000001b4      F     2474  .text
	pow                                0x000001b4      F     2474  .text
	__GI_fabs                          0x00000b5e      F        6  .text
	fabs                               0x00000b5e      F        6  .text
	__GI_scalbn                        0x00000b64      F       32  .text
	scalbn                             0x00000b64      F       32  .text
	__GI_sqrt                          0x00000b84      F      376  .text
	sqrt                               0x00000b84      F      376  .text
	___gnu_csky_case_uqi               0x00000cfc      F       20  .text
	__fixunsdfsi                       0x00000d10      F       56  .text
	__adddf3                           0x0000101c      F       46  .text
	__subdf3                           0x0000104c      F       54  .text
	__muldf3                           0x00001084      F      564  .text
	__divdf3                           0x000012b8      F      340  .text
	__gtdf2                            0x0000140c      F       60  .text
	__gedf2                            0x00001448      F       60  .text
	__ledf2                            0x00001484      F       58  .text
	__floatsidf                        0x000014c0      F      112  .text
	__fixdfsi                          0x00001530      F      112  .text
	__floatunsidf                      0x000015a0      F       84  .text
	__muldi3                           0x000015f4      F       68  .text
	__clzsi2                           0x00001638      F       64  .text
	__pack_d                           0x00001678      F      412  .text
	__unpack_d                         0x00001814      F      196  .text
	__fpcmp_parts_d                    0x000018d8      F      140  .text
	__cskyvprintfprintf                0x00001964      F       34  .text
	__GI_puts                          0x00001988      F       24  .text
	puts                               0x00001988    w F       24  .text
	__stdio_outs                       0x000019a0    w F       52  .text
	__cskyvprintfvprintf               0x000019d4      F       32  .text
	__GI_fputs                         0x000019f4      F       72  .text
	fputs                              0x000019f4    w F       72  .text
	__memset_fast                      0x00001a3c    w F      136  .text
	memset                             0x00001a3c    w F      136  .text
	__memcpy_fast                      0x00001ac4    w F      100  .text
	memcpy                             0x00001ac4    w F      100  .text
	__GI_os_critical_open              0x00001b28      F        4  .text
	os_critical_open                   0x00001b28    w F        4  .text
	__GI_os_critical_enter             0x00001b2c      F        4  .text
	os_critical_enter                  0x00001b2c    w F        4  .text
	__GI_os_critical_exit              0x00001b30      F        4  .text
	os_critical_exit                   0x00001b30    w F        4  .text
	__GI_os_critical_close             0x00001b34      F        4  .text
	os_critical_close                  0x00001b34    w F        4  .text
	__v2_printf                        0x00001b38      F      304  .text
	__v2_printf$D                      0x00001b38      F      304  .text
	__main                             0x00001c68      F       56  .text.__main
	SYSCON_RST_VALUE                   0x00001d14      F       88  .text.SYSCON_RST_VALUE
	SYSCON_General_CMD                 0x00001d6c      F       48  .text.SYSCON_General_CMD
	SystemCLK_HCLKDIV_PCLKDIV_Config   0x00001d9c      F      136  .text.SystemCLK_HCLKDIV_PCLKDIV_Config
	SYSCON_HFOSC_SELECTE               0x00001e24      F       40  .text.SYSCON_HFOSC_SELECTE
	SYSCON_WDT_CMD                     0x00001e4c      F       60  .text.SYSCON_WDT_CMD
	SYSCON_IWDCNT_Reload               0x00001e88      F       20  .text.SYSCON_IWDCNT_Reload
	SYSCON_IWDCNT_Config               0x00001e9c      F       24  .text.SYSCON_IWDCNT_Config
	SYSCON_LVD_Config                  0x00001eb4      F       32  .text.SYSCON_LVD_Config
	LVD_Int_Enable                     0x00001ed4      F       28  .text.LVD_Int_Enable
	IWDT_Int_Enable                    0x00001ef0      F       28  .text.IWDT_Int_Enable
	EXTI_trigger_CMD                   0x00001f0c      F       64  .text.EXTI_trigger_CMD
	SYSCON_Int_Enable                  0x00001f4c      F       12  .text.SYSCON_Int_Enable
	GPIO_Init                          0x00001f58      F      224  .text.GPIO_Init
	GPIO_Set_Value                     0x00002038      F       22  .text.GPIO_Set_Value
	WWDT_CONFIG                        0x00002050      F       24  .text.WWDT_CONFIG
	WWDT_CNT_Load                      0x00002068      F       16  .text.WWDT_CNT_Load
	WWDT_Int_Config                    0x00002078      F       52  .text.WWDT_Int_Config
	BT_DeInit                          0x000020ac      F       28  .text.BT_DeInit
	BT_Start                           0x000020c8      F        8  .text.BT_Start
	BT_Configure                       0x000020d0      F       24  .text.BT_Configure
	BT_ControlSet_Configure            0x000020e8      F       44  .text.BT_ControlSet_Configure
	BT_Period_CMP_Write                0x00002114      F        6  .text.BT_Period_CMP_Write
	BT_ConfigInterrupt_CMD             0x0000211a      F       18  .text.BT_ConfigInterrupt_CMD
	BT0_INT_ENABLE                     0x0000212c      F       16  .text.BT0_INT_ENABLE
	BT1_INT_ENABLE                     0x0000213c      F       16  .text.BT1_INT_ENABLE
	UART0_DeInit                       0x0000214c      F       24  .text.UART0_DeInit
	UART_IO_Init                       0x00002164      F      216  .text.UART_IO_Init
	UARTInit                           0x0000223c      F       10  .text.UARTInit
	UARTTxByte                         0x00002246      F       14  .text.UARTTxByte
	EPT_Software_Prg                   0x00002254      F       32  .text.EPT_Software_Prg
	EPT_Start                          0x00002274      F       40  .text.EPT_Start
	EPT_IO_SET                         0x0000229c      F      568  .text.EPT_IO_SET
	EPT_PWM_Config                     0x000024d4      F       56  .text.EPT_PWM_Config
	EPT_DBCR_Config                    0x0000250c      F       96  .text.EPT_DBCR_Config
	EPT_DB_CLK_Config                  0x0000256c      F       16  .text.EPT_DB_CLK_Config
	EPT_PWMX_Output_Control            0x0000257c      F      216  .text.EPT_PWMX_Output_Control
	EPT_PRDR_CMPA_CMPB_CMPC_CMPD_Config0x00002654      F       28  .text.EPT_PRDR_CMPA_CMPB_CMPC_CMPD_Config
	ADC12_Control                      0x00002670      F       16  .text.ADC12_Control
	ADC12_CLK_CMD                      0x000026a0      F       44  .text.ADC12_CLK_CMD
	ADC12_Software_Reset               0x000026cc      F       10  .text.ADC12_Software_Reset
	ADC12_CMD                          0x000026d8      F       40  .text.ADC12_CMD
	ADC12_ready_wait                   0x00002700      F       20  .text.ADC12_ready_wait
	ADC12_Configure_Mode               0x00002714      F      124  .text.ADC12_Configure_Mode
	ADC12_Configure_VREF_Selecte       0x00002790      F      408  .text.ADC12_Configure_VREF_Selecte
	ADC12_ConversionChannel_Config     0x00002928      F      384  .text.ADC12_ConversionChannel_Config
	delay_nms                          0x00002aa8      F       44  .text.delay_nms
	EPT0_CONFIG                        0x00002ad4      F      228  .text.EPT0_CONFIG
	BT_CONFIG                          0x00002bb8      F      156  .text.BT_CONFIG
	UART0_CONFIG                       0x00002c54      F       32  .text.UART0_CONFIG
	SYSCON_CONFIG                      0x00002c74      F      126  .text.SYSCON_CONFIG
	APT32F102_init                     0x00002cf4      F       52  .text.APT32F102_init
	SYSCONIntHandler                   0x00002d28      F      248  .text.SYSCONIntHandler
	IFCIntHandler                      0x00002e20      F      104  .text.IFCIntHandler
	ADCIntHandler                      0x00002e88      F      136  .text.ADCIntHandler
	EPT0IntHandler                     0x00002f10      F      424  .text.EPT0IntHandler
	WWDTHandler                        0x000030b8      F       52  .text.WWDTHandler
	GPT0IntHandler                     0x000030ec      F      128  .text.GPT0IntHandler
	RTCIntHandler                      0x0000316c      F      112  .text.RTCIntHandler
	UART0IntHandler                    0x000031dc      F       60  .text.UART0IntHandler
	UART1IntHandler                    0x00003218      F       60  .text.UART1IntHandler
	UART2IntHandler                    0x00003254      F       60  .text.UART2IntHandler
	SPI0IntHandler                     0x00003290      F      232  .text.SPI0IntHandler
	SIO0IntHandler                     0x00003378      F      132  .text.SIO0IntHandler
	EXI0IntHandler                     0x000033fc      F       48  .text.EXI0IntHandler
	EXI1IntHandler                     0x0000342c      F       48  .text.EXI1IntHandler
	EXI2to3IntHandler                  0x0000345c      F       72  .text.EXI2to3IntHandler
	EXI4to9IntHandler                  0x000034a4      F       92  .text.EXI4to9IntHandler
	EXI10to15IntHandler                0x00003500      F       96  .text.EXI10to15IntHandler
	LPTIntHandler                      0x00003560      F       52  .text.LPTIntHandler
	BT0IntHandler                      0x00003594      F       88  .text.BT0IntHandler
	BT1IntHandler                      0x000035ec      F       84  .text.BT1IntHandler
	PriviledgeVioHandler               0x00003640      F        2  .text.PriviledgeVioHandler
	PendTrapHandler                    0x00003642      F        8  .text.PendTrapHandler
	Trap3Handler                       0x0000364a      F        8  .text.Trap3Handler
	Trap2Handler                       0x00003652      F        8  .text.Trap2Handler
	Trap1Handler                       0x0000365a      F        8  .text.Trap1Handler
	Trap0Handler                       0x00003662      F        8  .text.Trap0Handler
	UnrecExecpHandler                  0x0000366a      F        8  .text.UnrecExecpHandler
	BreakPointHandler                  0x00003672      F        8  .text.BreakPointHandler
	AccessErrHandler                   0x0000367a      F        8  .text.AccessErrHandler
	IllegalInstrHandler                0x00003682      F        8  .text.IllegalInstrHandler
	MisalignedHandler                  0x0000368a      F        8  .text.MisalignedHandler
	CNTAIntHandler                     0x00003692      F        8  .text.CNTAIntHandler
	I2CIntHandler                      0x0000369a      F        8  .text.I2CIntHandler
	main                               0x000036a4      F      168  .text.startup.main
	fputc                              0x0000374c      F       24  .text.fputc
	ADC_CONFIG                         0x00003764      F       98  .text.ADC_CONFIG
	bldcInit                           0x000037c8      F       60  .text.bldcInit
	stepMoter                          0x00003808      F      340  .text.stepMoter
	adc_get                            0x0000395c      F      328  .text.adc_get
	blcdStart                          0x00003aa4      F       80  .text.blcdStart
	__divsi3                           0x00003af4      F       36  .text.__divsi3
	__udivsi3                          0x00003b18      F       36  .text.__udivsi3
	__umodsi3                          0x00003b3c      F       36  .text.__umodsi3
	CK_CPU_EnAllNormalIrq              0x00003b60      F        6  .text.CK_CPU_EnAllNormalIrq
	TK_Sampling_prog                   0x00003b68      F      204  .text.TK_Sampling_prog
	get_key_number                     0x00003c34      F       40  .text.get_key_number
	TK_Scan_Start                      0x00003c5c      F      104  .text.TK_Scan_Start
	TK_Keymap_prog                     0x00003cc4      F     2160  .text.TK_Keymap_prog
	TK_overflow_predict                0x00004534      F      296  .text.TK_overflow_predict
	TK_Baseline_tracking               0x0000465c      F     1304  .text.TK_Baseline_tracking
	TK_result_prog                     0x00004b74      F      424  .text.TK_result_prog
	TKEYIntHandler                     0x00004d1c      F      160  .text.TKEYIntHandler
	CORETHandler                       0x00004dbc      F      368  .text.CORETHandler
	std_clk_calib_source               0x00004f2c      F       48  .text.std_clk_calib_source
	std_clk_calib                      0x00004f5c      F      644  .text.std_clk_calib
	__thenan_df                        0x00005210      O       20  .rodata
	__clz_tab                          0x00005224      O      256  .rodata
	_end_rodata                        0x0000532c               0  .rodata
	_start_data                        0x20000000               0  .data
	HWD                                0x20000004      O        4  .data
	CRC                                0x20000008      O        4  .data
	BT1                                0x2000000c      O        4  .data
	BT0                                0x20000010      O        4  .data
	WWDT                               0x20000014      O        4  .data
	LPT                                0x20000018      O        4  .data
	RTC                                0x2000001c      O        4  .data
	ETCB                               0x20000020      O        4  .data
	EPT0                               0x20000024      O        4  .data
	GPT0                               0x20000028      O        4  .data
	CA0                                0x2000002c      O        4  .data
	SIO0                               0x20000030      O        4  .data
	I2C0                               0x20000034      O        4  .data
	SPI0                               0x20000038      O        4  .data
	UART2                              0x2000003c      O        4  .data
	UART1                              0x20000040      O        4  .data
	UART0                              0x20000044      O        4  .data
	GPIOGRP                            0x20000048      O        4  .data
	GPIOB0                             0x2000004c      O        4  .data
	GPIOA0                             0x20000050      O        4  .data
	ADC0                               0x20000054      O        4  .data
	TKEYBUF                            0x20000058      O        4  .data
	TKEY                               0x2000005c      O        4  .data
	SYSCON                             0x20000060      O        4  .data
	IFC                                0x20000064      O        4  .data
	CK801                              0x20000068      O        4  .data
	s_tkey                             0x2000006c      O        1  .data
	tk_dataturn_en                     0x2000006d      O        1  .data
	scan_step_temp                     0x2000006e      O        1  .data
	samp_setover_f                     0x2000006f      O        1  .data
	tk_overflow_en                     0x20000070      O        1  .data
	tk_div                             0x20000072      O       34  .data
	neg_build_bounce                   0x20000094      O        1  .data
	pos_build_bounce                   0x20000095      O        1  .data
	tk_scan_para0                      0x20000098      O        4  .data
	tk_scan_para1                      0x2000009c      O        4  .data
	tk_scan_para2                      0x200000a0      O        4  .data
	TkeyRebaseTime                     0x200000a4      O        1  .data
	stderr                             0x200000a8      O        4  .data
	stdout                             0x200000c8      O        4  .data
	stdin                              0x200000e8      O        4  .data
	_end_data                          0x20000108               0  .data
	_bss_start                         0x20000108               0  .bss
	keymap_strict_mode                 0x20000112      O        1  .bss
	Press_debounce_data                0x20000114      O        1  .bss
	TK_Lowpower_mode                   0x20000115      O        1  .bss
	TK_Lowpower_level                  0x20000116      O        1  .bss
	TK_Slider1_Value                   0x20000117      O        1  .bss
	TK_Wheel_Value                     0x20000118      O        1  .bss
	TK_longpress_time                  0x2000011c      O        4  .bss
	TK_Slider0_Seq                     0x20000120      O        4  .bss
	Release_debounce_data              0x20000124      O        1  .bss
	Key_mode                           0x20000125      O        1  .bss
	TK_icon                            0x20000126      O       34  .bss
	MultiTimes_Filter                  0x20000148      O        1  .bss
	TK_Slider1_Level                   0x20000149      O        1  .bss
	TK_Slider1_Function                0x2000014a      O        1  .bss
	TK_Slider0_Function                0x2000014b      O        1  .bss
	Base_Speed                         0x2000014c      O        1  .bss
	TK_Slider0_Level                   0x2000014d      O        1  .bss
	TK_IO_ENABLE                       0x20000150      O        4  .bss
	Valid_Key_Num                      0x20000154      O        1  .bss
	TK_senprd                          0x20000156      O       34  .bss
	TK_Slider1_Seq                     0x20000178      O        4  .bss
	TK_Wakeup_level                    0x2000017c      O        1  .bss
	TK_Triggerlevel                    0x2000017e      O       34  .bss
	TK_EC_LEVEL                        0x200001a0      O        2  .bss
	TK_Wheel_Seq                       0x200001a2      O        4  .bss
	TK_Slider0_Value                   0x200001a6      O        1  .bss
	TK_Wheel_Level                     0x200001a7      O        1  .bss
	TK_FVR_LEVEL                       0x200001a8      O        2  .bss
	TK_BaseCnt                         0x200001ac      O        4  .bss
	TK_Wheel_Function                  0x200001b0      O        1  .bss
	TK_PSEL_MODE                       0x200001b2      O        2  .bss
	R_CMPB_BUF                         0x200001b4      O        4  .bss
	R_SIOTX_count                      0x200001b8      O        4  .bss
	R_CMPA_BUF                         0x200001bc      O        4  .bss
	R_SIORX_count                      0x200001c0      O        4  .bss
	R_SIORX_buf                        0x200001c4      O       40  .bss
	adc_value                          0x200001ec      O        6  .bss
	bldc                               0x200001f4      O       44  .bss
	last_adc_value                     0x20000220      O        6  .bss
	Tk_press_time_cnt4                 0x20000228      O        4  .bss
	baseline_data0                     0x2000022c      O       34  .bss
	TK_Postive_build2                  0x2000024e      O       17  .bss
	Key_Map1                           0x20000260      O        4  .bss
	offset_data2_abs                   0x20000264      O       34  .bss
	time_cnt0                          0x20000288      O        4  .bss
	offset0_max_tempB                  0x2000028c      O        2  .bss
	scan_f                             0x2000028e      O        1  .bss
	offset_data1_abs                   0x20000290      O       34  .bss
	Release_debounce0                  0x200002b2      O       17  .bss
	Key_Map0                           0x200002c4      O        4  .bss
	Tk_press_time_cnt2                 0x200002c8      O        4  .bss
	bsae_over_f                        0x200002cc      O        1  .bss
	Press_debounce0                    0x200002cd      O       17  .bss
	Valid_key_f                        0x200002de      O        1  .bss
	offset_data0                       0x200002e0      O       34  .bss
	offset2_max_tempA                  0x20000302      O        2  .bss
	TK_Scan_Freq1                      0x20000304      O        4  .bss
	sampling_data1                     0x20000308      O       34  .bss
	Tk_press_time_cnt3                 0x2000032c      O        4  .bss
	TK_Scan_Freq2                      0x20000330      O        4  .bss
	Key_Map2                           0x20000334      O        4  .bss
	Release_debounce1                  0x20000338      O       17  .bss
	tk_overflow_f                      0x20000349      O        1  .bss
	time_cnt2                          0x2000034c      O        4  .bss
	TK_Negtive_build2                  0x20000350      O       17  .bss
	base_update_f                      0x20000361      O        1  .bss
	TK_Postive_build1                  0x20000362      O       17  .bss
	offset_max_data                    0x20000374      O       64  .bss
	time_cnt                           0x200003b4      O        4  .bss
	lpt_scan_pend_cnt                  0x200003b8      O        2  .bss
	TK_track_cnt                       0x200003ba      O        1  .bss
	Key_Map                            0x200003bc      O        4  .bss
	offset2_max_tempB                  0x200003c0      O        2  .bss
	baseline_data1                     0x200003c2      O       34  .bss
	TK_Postive_build0                  0x200003e4      O       17  .bss
	sampling_data2                     0x200003f6      O       34  .bss
	offset_data1                       0x20000418      O       34  .bss
	TK_ovrdect_cnt                     0x2000043a      O        1  .bss
	time_cnt1                          0x2000043c      O        4  .bss
	Press_debounce2                    0x20000440      O       17  .bss
	Tk_press_time_cnt0                 0x20000454      O        4  .bss
	TK_Negtive_build1                  0x20000458      O       17  .bss
	coret_spread_step                  0x20000469      O        1  .bss
	offset0_max_tempA                  0x2000046a      O        2  .bss
	tk_num                             0x2000046c      O        1  .bss
	offset1_max_tempB                  0x2000046e      O        2  .bss
	TK_Negtive_build0                  0x20000470      O       17  .bss
	Tk_press_time_cnt1                 0x20000484      O        4  .bss
	Press_debounce1                    0x20000488      O       17  .bss
	Release_debounce2                  0x20000499      O       17  .bss
	r_Key_Map_Temp                     0x200004ac      O        4  .bss
	tk_seque                           0x200004b0      O       17  .bss
	scan_step                          0x200004c1      O        1  .bss
	baseline_data2                     0x200004c2      O       34  .bss
	tk_sampling_max                    0x200004e4      O       34  .bss
	coret_spread_cnt                   0x20000506      O        2  .bss
	offset_data0_abs                   0x20000508      O       34  .bss
	offset_data2                       0x2000052a      O       34  .bss
	offset1_max_tempA                  0x2000054c      O        2  .bss
	sampling_data0                     0x2000054e      O       34  .bss
	TK_Scan_Freq0                      0x20000570      O        4  .bss
	_ebss                              0x20000574               0  .bss
	_end                               0x20000574               0  .bss
	end                                0x20000574               0  .bss
	__kernel_stack                     0x20000ff8               0  .text

	(w:Weak    d:Deubg    F:Function    f:File name    O:Zero)


======================================================================

Memory Map of the image

    Image Entry point : 0x0000010c

    Region ROM (Base: 0x00000000, Size: 0x0000532c, Max: 0x00010000)

    Base Addr    Size         Type   Attr      Idx   Section Name       Object
    0x00000000   0x000001b4   Code   RO         16  .text          	Obj/arch_crt0.o
    0x000001b4   0x000009aa   Code   RO        941  .text          	pow.o
    0x00000b5e   0x00000006   Code   RO        949  .text          	fabs.o
    0x00000b64   0x00000020   Code   RO        955  .text          	scalbn.o
    0x00000b84   0x00000178   Code   RO        962  .text          	sqrt.o
    0x00000cfc   0x00000014   Code   RO        973  .text          	_csky_case_uqi.o
    0x00000d10   0x00000038   Code   RO        978  .text          	_fixunsdfsi.o
    0x00000d48   0x0000033a   Code   RO        985  .text          	_addsub_df.o
    0x00001082   0x00000002   PAD
    0x00001084   0x00000234   Code   RO        992  .text          	_mul_df.o
    0x000012b8   0x00000154   Code   RO        999  .text          	_div_df.o
    0x0000140c   0x0000003c   Code   RO       1006  .text          	_gt_df.o
    0x00001448   0x0000003c   Code   RO       1013  .text          	_ge_df.o
    0x00001484   0x0000003a   Code   RO       1020  .text          	_le_df.o
    0x000014be   0x00000002   PAD
    0x000014c0   0x00000070   Code   RO       1027  .text          	_si_to_df.o
    0x00001530   0x00000070   Code   RO       1034  .text          	_df_to_si.o
    0x000015a0   0x00000054   Code   RO       1048  .text          	_usi_to_df.o
    0x000015f4   0x00000044   Code   RO       1055  .text          	_muldi3.o
    0x00001638   0x00000040   Code   RO       1062  .text          	_clzsi2.o
    0x00001678   0x0000019c   Code   RO       1068  .text          	_pack_df.o
    0x00001814   0x000000c4   Code   RO       1075  .text          	_unpack_df.o
    0x000018d8   0x0000008c   Code   RO       1082  .text          	_fpcmp_parts_df.o
    0x00001964   0x00000022   Code   RO       1103  .text          	printf_required.o
    0x00001986   0x00000002   PAD
    0x00001988   0x00000018   Code   RO       1110  .text          	puts.o
    0x000019a0   0x00000054   Code   RO       1117  .text          	vprintf_required.o
    0x000019f4   0x00000048   Code   RO       1130  .text          	fputs.o
    0x00001a3c   0x00000088   Code   RO       1137  .text          	memset_fast.o
    0x00001ac4   0x00000064   Code   RO       1142  .text          	memcpy_fast.o
    0x00001b28   0x00000010   Code   RO       1148  .text          	critical.o
    0x00001b38   0x00000130   Code   RO       1214  .text          	__v2_printfD.o
    0x00001c68   0x00000038   Code   RO         28  .text.__main   	Obj/arch_mem_init.o
    0x00001ca0   0x00000074   Code   RO         61  .text.SYSCON_General_CMD.part.0	Obj/FWlib_apt32f102_syscon.o
    0x00001d14   0x00000058   Code   RO         62  .text.SYSCON_RST_VALUE	Obj/FWlib_apt32f102_syscon.o
    0x00001d6c   0x00000030   Code   RO         64  .text.SYSCON_General_CMD	Obj/FWlib_apt32f102_syscon.o
    0x00001d9c   0x00000088   Code   RO         65  .text.SystemCLK_HCLKDIV_PCLKDIV_Config	Obj/FWlib_apt32f102_syscon.o
    0x00001e24   0x00000028   Code   RO         68  .text.SYSCON_HFOSC_SELECTE	Obj/FWlib_apt32f102_syscon.o
    0x00001e4c   0x0000003c   Code   RO         69  .text.SYSCON_WDT_CMD	Obj/FWlib_apt32f102_syscon.o
    0x00001e88   0x00000014   Code   RO         70  .text.SYSCON_IWDCNT_Reload	Obj/FWlib_apt32f102_syscon.o
    0x00001e9c   0x00000018   Code   RO         71  .text.SYSCON_IWDCNT_Config	Obj/FWlib_apt32f102_syscon.o
    0x00001eb4   0x00000020   Code   RO         72  .text.SYSCON_LVD_Config	Obj/FWlib_apt32f102_syscon.o
    0x00001ed4   0x0000001c   Code   RO         73  .text.LVD_Int_Enable	Obj/FWlib_apt32f102_syscon.o
    0x00001ef0   0x0000001c   Code   RO         75  .text.IWDT_Int_Enable	Obj/FWlib_apt32f102_syscon.o
    0x00001f0c   0x00000040   Code   RO         78  .text.EXTI_trigger_CMD	Obj/FWlib_apt32f102_syscon.o
    0x00001f4c   0x0000000c   Code   RO        103  .text.SYSCON_Int_Enable	Obj/FWlib_apt32f102_syscon.o
    0x00001f58   0x000000e0   Code   RO        132  .text.GPIO_Init	Obj/FWlib_apt32f102_gpio.o
    0x00002038   0x00000016   Code   RO        149  .text.GPIO_Set_Value	Obj/FWlib_apt32f102_gpio.o
    0x00002050   0x00000018   Code   RO        232  .text.WWDT_CONFIG	Obj/FWlib_apt32f102_wwdt.o
    0x00002068   0x00000010   Code   RO        234  .text.WWDT_CNT_Load	Obj/FWlib_apt32f102_wwdt.o
    0x00002078   0x00000034   Code   RO        235  .text.WWDT_Int_Config	Obj/FWlib_apt32f102_wwdt.o
    0x000020ac   0x0000001c   Code   RO        303  .text.BT_DeInit	Obj/FWlib_apt32f102_bt.o
    0x000020c8   0x00000008   Code   RO        305  .text.BT_Start 	Obj/FWlib_apt32f102_bt.o
    0x000020d0   0x00000018   Code   RO        310  .text.BT_Configure	Obj/FWlib_apt32f102_bt.o
    0x000020e8   0x0000002c   Code   RO        311  .text.BT_ControlSet_Configure	Obj/FWlib_apt32f102_bt.o
    0x00002114   0x00000006   Code   RO        312  .text.BT_Period_CMP_Write	Obj/FWlib_apt32f102_bt.o
    0x0000211a   0x00000012   Code   RO        319  .text.BT_ConfigInterrupt_CMD	Obj/FWlib_apt32f102_bt.o
    0x0000212c   0x00000010   Code   RO        320  .text.BT0_INT_ENABLE	Obj/FWlib_apt32f102_bt.o
    0x0000213c   0x00000010   Code   RO        322  .text.BT1_INT_ENABLE	Obj/FWlib_apt32f102_bt.o
    0x0000214c   0x00000018   Code   RO        435  .text.UART0_DeInit	Obj/FWlib_apt32f102_uart.o
    0x00002164   0x000000d8   Code   RO        450  .text.UART_IO_Init	Obj/FWlib_apt32f102_uart.o
    0x0000223c   0x0000000a   Code   RO        451  .text.UARTInit 	Obj/FWlib_apt32f102_uart.o
    0x00002246   0x0000000e   Code   RO        455  .text.UARTTxByte	Obj/FWlib_apt32f102_uart.o
    0x00002254   0x00000020   Code   RO        514  .text.EPT_Software_Prg	Obj/FWlib_apt32f102_ept.o
    0x00002274   0x00000028   Code   RO        515  .text.EPT_Start	Obj/FWlib_apt32f102_ept.o
    0x0000229c   0x00000238   Code   RO        517  .text.EPT_IO_SET	Obj/FWlib_apt32f102_ept.o
    0x000024d4   0x00000038   Code   RO        518  .text.EPT_PWM_Config	Obj/FWlib_apt32f102_ept.o
    0x0000250c   0x00000060   Code   RO        523  .text.EPT_DBCR_Config	Obj/FWlib_apt32f102_ept.o
    0x0000256c   0x00000010   Code   RO        524  .text.EPT_DB_CLK_Config	Obj/FWlib_apt32f102_ept.o
    0x0000257c   0x000000d8   Code   RO        525  .text.EPT_PWMX_Output_Control	Obj/FWlib_apt32f102_ept.o
    0x00002654   0x0000001c   Code   RO        528  .text.EPT_PRDR_CMPA_CMPB_CMPC_CMPD_Config	Obj/FWlib_apt32f102_ept.o
    0x00002670   0x00000010   Code   RO        605  .text.ADC12_Control	Obj/FWlib_apt32f102_adc.o
    0x00002680   0x00000020   Code   RO        606  .text.ADC12_CMD.part.0	Obj/FWlib_apt32f102_adc.o
    0x000026a0   0x0000002c   Code   RO        609  .text.ADC12_CLK_CMD	Obj/FWlib_apt32f102_adc.o
    0x000026cc   0x0000000a   Code   RO        610  .text.ADC12_Software_Reset	Obj/FWlib_apt32f102_adc.o
    0x000026d8   0x00000028   Code   RO        611  .text.ADC12_CMD	Obj/FWlib_apt32f102_adc.o
    0x00002700   0x00000014   Code   RO        612  .text.ADC12_ready_wait	Obj/FWlib_apt32f102_adc.o
    0x00002714   0x0000007c   Code   RO        616  .text.ADC12_Configure_Mode	Obj/FWlib_apt32f102_adc.o
    0x00002790   0x00000198   Code   RO        617  .text.ADC12_Configure_VREF_Selecte	Obj/FWlib_apt32f102_adc.o
    0x00002928   0x00000180   Code   RO        619  .text.ADC12_ConversionChannel_Config	Obj/FWlib_apt32f102_adc.o
    0x00002aa8   0x0000002c   Code   RO        705  .text.delay_nms	Obj/apt32f102_initial.o
    0x00002ad4   0x000000e4   Code   RO        708  .text.EPT0_CONFIG	Obj/apt32f102_initial.o
    0x00002bb8   0x0000009c   Code   RO        710  .text.BT_CONFIG	Obj/apt32f102_initial.o
    0x00002c54   0x00000020   Code   RO        719  .text.UART0_CONFIG	Obj/apt32f102_initial.o
    0x00002c74   0x0000007e   Code   RO        724  .text.SYSCON_CONFIG	Obj/apt32f102_initial.o
    0x00002cf4   0x00000034   Code   RO        725  .text.APT32F102_init	Obj/apt32f102_initial.o
    0x00002d28   0x000000f8   Code   RO        741  .text.SYSCONIntHandler	Obj/apt32f102_interrupt.o
    0x00002e20   0x00000068   Code   RO        742  .text.IFCIntHandler	Obj/apt32f102_interrupt.o
    0x00002e88   0x00000088   Code   RO        743  .text.ADCIntHandler	Obj/apt32f102_interrupt.o
    0x00002f10   0x000001a8   Code   RO        744  .text.EPT0IntHandler	Obj/apt32f102_interrupt.o
    0x000030b8   0x00000034   Code   RO        745  .text.WWDTHandler	Obj/apt32f102_interrupt.o
    0x000030ec   0x00000080   Code   RO        746  .text.GPT0IntHandler	Obj/apt32f102_interrupt.o
    0x0000316c   0x00000070   Code   RO        747  .text.RTCIntHandler	Obj/apt32f102_interrupt.o
    0x000031dc   0x0000003c   Code   RO        748  .text.UART0IntHandler	Obj/apt32f102_interrupt.o
    0x00003218   0x0000003c   Code   RO        749  .text.UART1IntHandler	Obj/apt32f102_interrupt.o
    0x00003254   0x0000003c   Code   RO        750  .text.UART2IntHandler	Obj/apt32f102_interrupt.o
    0x00003290   0x000000e8   Code   RO        751  .text.SPI0IntHandler	Obj/apt32f102_interrupt.o
    0x00003378   0x00000084   Code   RO        752  .text.SIO0IntHandler	Obj/apt32f102_interrupt.o
    0x000033fc   0x00000030   Code   RO        753  .text.EXI0IntHandler	Obj/apt32f102_interrupt.o
    0x0000342c   0x00000030   Code   RO        754  .text.EXI1IntHandler	Obj/apt32f102_interrupt.o
    0x0000345c   0x00000048   Code   RO        755  .text.EXI2to3IntHandler	Obj/apt32f102_interrupt.o
    0x000034a4   0x0000005c   Code   RO        756  .text.EXI4to9IntHandler	Obj/apt32f102_interrupt.o
    0x00003500   0x00000060   Code   RO        757  .text.EXI10to15IntHandler	Obj/apt32f102_interrupt.o
    0x00003560   0x00000034   Code   RO        758  .text.LPTIntHandler	Obj/apt32f102_interrupt.o
    0x00003594   0x00000058   Code   RO        759  .text.BT0IntHandler	Obj/apt32f102_interrupt.o
    0x000035ec   0x00000054   Code   RO        760  .text.BT1IntHandler	Obj/apt32f102_interrupt.o
    0x00003640   0x00000002   Code   RO        761  .text.PriviledgeVioHandler	Obj/apt32f102_interrupt.o
    0x00003642   0x00000008   Code   RO        763  .text.PendTrapHandler	Obj/apt32f102_interrupt.o
    0x0000364a   0x00000008   Code   RO        764  .text.Trap3Handler	Obj/apt32f102_interrupt.o
    0x00003652   0x00000008   Code   RO        765  .text.Trap2Handler	Obj/apt32f102_interrupt.o
    0x0000365a   0x00000008   Code   RO        766  .text.Trap1Handler	Obj/apt32f102_interrupt.o
    0x00003662   0x00000008   Code   RO        767  .text.Trap0Handler	Obj/apt32f102_interrupt.o
    0x0000366a   0x00000008   Code   RO        768  .text.UnrecExecpHandler	Obj/apt32f102_interrupt.o
    0x00003672   0x00000008   Code   RO        769  .text.BreakPointHandler	Obj/apt32f102_interrupt.o
    0x0000367a   0x00000008   Code   RO        770  .text.AccessErrHandler	Obj/apt32f102_interrupt.o
    0x00003682   0x00000008   Code   RO        771  .text.IllegalInstrHandler	Obj/apt32f102_interrupt.o
    0x0000368a   0x00000008   Code   RO        772  .text.MisalignedHandler	Obj/apt32f102_interrupt.o
    0x00003692   0x00000008   Code   RO        773  .text.CNTAIntHandler	Obj/apt32f102_interrupt.o
    0x0000369a   0x00000008   Code   RO        774  .text.I2CIntHandler	Obj/apt32f102_interrupt.o
    0x000036a4   0x000000a8   Code   RO        791  .text.startup.main	Obj/main.o
    0x0000374c   0x00000018   Code   RO        807  .text.fputc    	Obj/bldc.o
    0x00003764   0x00000062   Code   RO        809  .text.ADC_CONFIG	Obj/bldc.o
    0x000037c8   0x00000040   Code   RO        810  .text.bldcInit 	Obj/bldc.o
    0x00003808   0x00000154   Code   RO        811  .text.stepMoter	Obj/bldc.o
    0x0000395c   0x00000148   Code   RO        812  .text.adc_get  	Obj/bldc.o
    0x00003aa4   0x00000050   Code   RO        813  .text.blcdStart	Obj/bldc.o
    0x00003af4   0x00000024   Code   RO        830  .text.__divsi3 	Obj/drivers_apt32f102.o
    0x00003b18   0x00000024   Code   RO        831  .text.__udivsi3	Obj/drivers_apt32f102.o
    0x00003b3c   0x00000024   Code   RO        833  .text.__umodsi3	Obj/drivers_apt32f102.o
    0x00003b60   0x00000006   Code   RO        851  .text.CK_CPU_EnAllNormalIrq	Obj/drivers_apt32f102_ck801.o
    0x00003b68   0x000000cc   Code   RO        882  .text.TK_Sampling_prog	FWlib_apt32f102_tkey_f_1_17.o
    0x00003c34   0x00000028   Code   RO        886  .text.get_key_number	FWlib_apt32f102_tkey_f_1_17.o
    0x00003c5c   0x00000068   Code   RO        890  .text.TK_Scan_Start	FWlib_apt32f102_tkey_f_1_17.o
    0x00003cc4   0x00000870   Code   RO        891  .text.TK_Keymap_prog	FWlib_apt32f102_tkey_f_1_17.o
    0x00004534   0x00000128   Code   RO        892  .text.TK_overflow_predict	FWlib_apt32f102_tkey_f_1_17.o
    0x0000465c   0x00000518   Code   RO        893  .text.TK_Baseline_tracking	FWlib_apt32f102_tkey_f_1_17.o
    0x00004b74   0x000001a8   Code   RO        894  .text.TK_result_prog	FWlib_apt32f102_tkey_f_1_17.o
    0x00004d1c   0x000000a0   Code   RO        900  .text.TKEYIntHandler	FWlib_apt32f102_tkey_f_1_17.o
    0x00004dbc   0x00000170   Code   RO        901  .text.CORETHandler	FWlib_apt32f102_tkey_f_1_17.o
    0x00004f2c   0x00000030   Code   RO        920  .text.std_clk_calib_source	FWlib_apt32f102_clkcalib.o
    0x00004f5c   0x00000284   Code   RO        921  .text.std_clk_calib	FWlib_apt32f102_clkcalib.o
    0x000051e0   0x00000030   Data   RO        944  .rodata        	pow.o
    0x00005210   0x00000014   Data   RO       1044  .rodata        	_thenan_df.o
    0x00005224   0x00000100   Data   RO       1092  .rodata        	_clz.o
    0x00005324   0x00000004   Data   RO        775  .rodata.str1.1 	Obj/apt32f102_interrupt.o
    0x00005328   0x00000004   Data   RO        792  .rodata.str1.1 	Obj/main.o

    Region RAM (Base: 0x20000000, Size: 0x00000574, Max: 0x00001000)

    Base Addr    Size         Type   Attr      Idx   Section Name       Object
    0x20000000   0x00000001   Data   RW        805  .data          	Obj/bldc.o
    0x20000001   0x00000003   PAD
    0x20000004   0x00000068   Data   RW        828  .data          	Obj/drivers_apt32f102.o
    0x2000006c   0x00000039   Data   RW        873  .data          	FWlib_apt32f102_tkey_f_1_17.o
    0x200000a5   0x00000003   PAD
    0x200000a8   0x00000060   Data   RW       1125  .data          	stdinit.o
    0x20000108   0x00000006   Zero   RW        790  .bss           	Obj/main.o
    0x2000010e   0x00000004   Zero   RW        806  .bss           	Obj/bldc.o
    0x20000112   0x00000001   Zero   RW        874  .bss           	FWlib_apt32f102_tkey_f_1_17.o
    0x20000113   0x00000001   PAD
    0x20000114   0x000000a0   Zero   RW        676  COMMON         	Obj/FWlib_apt32f102_tkey_parameter.o
    0x200001b4   0x00000038   Zero   RW        787  COMMON         	Obj/apt32f102_interrupt.o
    0x200001ec   0x0000003a   Zero   RW        826  COMMON         	Obj/bldc.o
    0x20000226   0x00000002   PAD
    0x20000228   0x0000034c   Zero   RW        916  COMMON         	FWlib_apt32f102_tkey_f_1_17.o

    Region *default* (Base: 0x00000000, Size: 0x00000000, Max: 0xffffffff)


======================================================================

Image component sizes

       Code    RO Data    RW Data    ZI Data      Debug   Object Name

          0          0          0          0          0   linker stubs
        436          0          0          0        262   Obj/arch_crt0.o
         56          0          0          0        792   Obj/arch_mem_init.o
          0          0          0          0          0   Obj/arch_apt32f102_iostring.o
        696          0          0          0      21148   Obj/FWlib_apt32f102_syscon.o
        246          0          0          0      13094   Obj/FWlib_apt32f102_gpio.o
          0          0          0          0          0   Obj/FWlib_apt32f102_lpt.o
          0          0          0          0          0   Obj/FWlib_apt32f102_crc.o
         92          0          0          0       8335   Obj/FWlib_apt32f102_wwdt.o
          0          0          0          0          0   Obj/FWlib_apt32f102_countera.o
          0          0          0          0          0   Obj/FWlib_apt32f102_et.o
        160          0          0          0      11840   Obj/FWlib_apt32f102_bt.o
          0          0          0          0          0   Obj/FWlib_apt32f102_gpt.o
          0          0          0          0          0   Obj/FWlib_apt32f102_sio.o
          0          0          0          0          0   Obj/FWlib_apt32f102_spi.o
        264          0          0          0      11723   Obj/FWlib_apt32f102_uart.o
          0          0          0          0          0   Obj/FWlib_apt32f102_i2c.o
       1052          0          0          0      28182   Obj/FWlib_apt32f102_ept.o
          0          0          0          0          0   Obj/FWlib_apt32f102_rtc.o
       1078          0          0          0      13987   Obj/FWlib_apt32f102_adc.o
          0          0          0          0          0   Obj/FWlib_apt32f102_ifc.o
          0          0          0        160       9411   Obj/FWlib_apt32f102_tkey_parameter.o
          0          0          0          0          0   Obj/FWlib_apt32f102_coret.o
        638          0          0          0      20157   Obj/apt32f102_initial.o
       2426          4          0         56      13847   Obj/apt32f102_interrupt.o
        168          4          0          6       9736   Obj/main.o
        934          0          1         62      11365   Obj/bldc.o
        108          0        104          0       8379   Obj/drivers_apt32f102.o
          6          0          0          0       8319   Obj/drivers_apt32f102_ck801.o
          0          0          0          0          0   Obj/__rt_entry.o
	------------------------------------------------------------
       8360          8        105        284     190577   Object Totals
          6          0          6          3          0   Pad
          0          0          0          0          0   LD_GEN

	------------------------------------------------------------
    [Library Name]: .\lib_102TKey_1_17.a
	------------------------------------------------------------
       Code    RO Data    RW Data    ZI Data      Debug   Library Member Name

       5060          0         57        845      18452   FWlib_apt32f102_tkey_f_1_17.o
	------------------------------------------------------------
       5060          0         57        845      18452   Library Totals
          0          0          0          0          0   Pad
          0          0          0          0          0   LD_GEN

	------------------------------------------------------------
    [Library Name]: .\lib_102ClkCalib_1_04.a
	------------------------------------------------------------
       Code    RO Data    RW Data    ZI Data      Debug   Library Member Name

        692          0          0          0       9109   FWlib_apt32f102_clkcalib.o
	------------------------------------------------------------
        692          0          0          0       9109   Library Totals
          0          0          0          0          0   Pad
          0          0          0          0          0   LD_GEN

	------------------------------------------------------------
    [Library Name]: c:/cdkrepo/toolchain/ckv2elfminilib/v3.10.29/r/bin/../lib/gcc/csky-elfabiv2/6.3.0/../../../../csky-elfabiv2/lib/ck801\libm.a
	------------------------------------------------------------
       Code    RO Data    RW Data    ZI Data      Debug   Library Member Name

       2474         48          0          0          0   pow.o
          6          0          0          0          0   fabs.o
         32          0          0          0          0   scalbn.o
        376          0          0          0          0   sqrt.o
	------------------------------------------------------------
       2888         48          0          0          0   Library Totals
          0          0          0          0          0   Pad
          0          0          0          0          0   LD_GEN

	------------------------------------------------------------
    [Library Name]: c:/cdkrepo/toolchain/ckv2elfminilib/v3.10.29/r/bin/../lib/gcc/csky-elfabiv2/6.3.0/ck801\libgcc.a
	------------------------------------------------------------
       Code    RO Data    RW Data    ZI Data      Debug   Library Member Name

         20          0          0          0          0   _csky_case_uqi.o
         56          0          0          0          0   _fixunsdfsi.o
        826          0          0          0          0   _addsub_df.o
        564          0          0          0          0   _mul_df.o
        340          0          0          0          0   _div_df.o
         60          0          0          0          0   _gt_df.o
         60          0          0          0          0   _ge_df.o
         58          0          0          0          0   _le_df.o
        112          0          0          0          0   _si_to_df.o
        112          0          0          0          0   _df_to_si.o
          0         20          0          0          0   _thenan_df.o
         84          0          0          0          0   _usi_to_df.o
         68          0          0          0          0   _muldi3.o
         64          0          0          0          0   _clzsi2.o
        412          0          0          0          0   _pack_df.o
        196          0          0          0          0   _unpack_df.o
        140          0          0          0          0   _fpcmp_parts_df.o
          0        256          0          0          0   _clz.o
	------------------------------------------------------------
       3172        276          0          0          0   Library Totals
          0          0          0          0          0   Pad
          0          0          0          0          0   LD_GEN

	------------------------------------------------------------
    [Library Name]: c:/cdkrepo/toolchain/ckv2elfminilib/v3.10.29/r/bin/../lib/gcc/csky-elfabiv2/6.3.0/../../../../csky-elfabiv2/lib/ck801\libc.a
	------------------------------------------------------------
       Code    RO Data    RW Data    ZI Data      Debug   Library Member Name

         34          0          0          0          0   printf_required.o
         24          0          0          0          0   puts.o
         84          0          0          0          0   vprintf_required.o
          0          0         96          0          0   stdinit.o
         72          0          0          0          0   fputs.o
        136          0          0          0          0   memset_fast.o
        100          0          0          0          0   memcpy_fast.o
         16          0          0          0          0   critical.o
        304          0          0          0          0   __v2_printfD.o
	------------------------------------------------------------
        770          0         96          0          0   Library Totals
          0          0          0          0          0   Pad
          0          0          0          0          0   LD_GEN

	------------------------------------------------------------

======================================================================


       Code    RO Data    RW Data    ZI Data      Debug
      20948        332        264       1132     218138   Grand Totals
      20948        332        264       1132     218138   Elf Image Totals
      20948        332        264          0          0   ROM Totals

======================================================================

Total	RO	Size (Code + RO Data)				21280 (  20.78kB)
Total	RW	Size (RW Data + ZI Data)			1396 (  1.36kB)
Total	ROM	Size (Code + RO Data + RW Data)		21544 (  21.04kB)

======================================================================
